INFO  [o.e.s.SpringbootBasicsApplication] Starting SpringbootBasicsApplication using Java 17.0.9 with PID 7500 (C:\Users\subaj\Desktop\training\springboot_basics\target\classes started by subaj in C:\Users\subaj\Desktop\training\springboot_basics)
INFO  [o.e.s.SpringbootBasicsApplication] No active profile set, falling back to 1 default profile: "default"
WARN  [o.s.b.w.s.c.AnnotationConfigServletWebServerApplicationContext] Exception encountered during context initialization - cancelling refresh attempt: org.springframework.beans.factory.BeanDefinitionStoreException: Failed to parse configuration class [org.example.springboot_basics.SpringbootBasicsApplication]
ERROR [o.s.boot.SpringApplication] Application run failed
org.springframework.beans.factory.BeanDefinitionStoreException: Failed to parse configuration class [org.example.springboot_basics.SpringbootBasicsApplication]
	at org.springframework.context.annotation.ConfigurationClassParser.parse(ConfigurationClassParser.java:194)
	at org.springframework.context.annotation.ConfigurationClassPostProcessor.processConfigBeanDefinitions(ConfigurationClassPostProcessor.java:418)
	at org.springframework.context.annotation.ConfigurationClassPostProcessor.postProcessBeanDefinitionRegistry(ConfigurationClassPostProcessor.java:290)
	at org.springframework.context.support.PostProcessorRegistrationDelegate.invokeBeanDefinitionRegistryPostProcessors(PostProcessorRegistrationDelegate.java:349)
	at org.springframework.context.support.PostProcessorRegistrationDelegate.invokeBeanFactoryPostProcessors(PostProcessorRegistrationDelegate.java:118)
	at org.springframework.context.support.AbstractApplicationContext.invokeBeanFactoryPostProcessors(AbstractApplicationContext.java:791)
	at org.springframework.context.support.AbstractApplicationContext.refresh(AbstractApplicationContext.java:609)
	at org.springframework.boot.web.servlet.context.ServletWebServerApplicationContext.refresh(ServletWebServerApplicationContext.java:146)
	at org.springframework.boot.SpringApplication.refresh(SpringApplication.java:753)
	at org.springframework.boot.SpringApplication.refreshContext(SpringApplication.java:439)
	at org.springframework.boot.SpringApplication.run(SpringApplication.java:318)
	at org.springframework.boot.SpringApplication.run(SpringApplication.java:1362)
	at org.springframework.boot.SpringApplication.run(SpringApplication.java:1351)
	at org.example.springboot_basics.SpringbootBasicsApplication.main(SpringbootBasicsApplication.java:9)
Caused by: org.springframework.context.annotation.ConflictingBeanDefinitionException: Annotation-specified bean name 'globalExceptionHandler' for bean class [org.example.springboot_basics.handler.GlobalExceptionHandler] conflicts with existing, non-compatible bean definition of same name and class [org.example.springboot_basics.GlobalExceptionHandler]
	at org.springframework.context.annotation.ClassPathBeanDefinitionScanner.checkCandidate(ClassPathBeanDefinitionScanner.java:361)
	at org.springframework.context.annotation.ClassPathBeanDefinitionScanner.doScan(ClassPathBeanDefinitionScanner.java:288)
	at org.springframework.context.annotation.ComponentScanAnnotationParser.parse(ComponentScanAnnotationParser.java:128)
	at org.springframework.context.annotation.ConfigurationClassParser.doProcessConfigurationClass(ConfigurationClassParser.java:346)
	at org.springframework.context.annotation.ConfigurationClassParser.processConfigurationClass(ConfigurationClassParser.java:281)
	at org.springframework.context.annotation.ConfigurationClassParser.parse(ConfigurationClassParser.java:204)
	at org.springframework.context.annotation.ConfigurationClassParser.parse(ConfigurationClassParser.java:172)
	... 13 common frames omitted
INFO  [o.e.s.SpringbootBasicsApplication] Starting SpringbootBasicsApplication using Java 17.0.9 with PID 23940 (C:\Users\subaj\Desktop\training\springboot_basics\target\classes started by subaj in C:\Users\subaj\Desktop\training\springboot_basics)
INFO  [o.e.s.SpringbootBasicsApplication] No active profile set, falling back to 1 default profile: "default"
INFO  [o.s.d.r.c.RepositoryConfigurationDelegate] Bootstrapping Spring Data MongoDB repositories in DEFAULT mode.
INFO  [o.s.d.r.c.RepositoryConfigurationDelegate] Finished Spring Data repository scanning in 46 ms. Found 1 MongoDB repository interface.
INFO  [o.s.b.w.e.tomcat.TomcatWebServer] Tomcat initialized with port 8080 (http)
INFO  [o.a.coyote.http11.Http11NioProtocol] Initializing ProtocolHandler ["http-nio-8080"]
INFO  [o.a.catalina.core.StandardService] Starting service [Tomcat]
INFO  [o.a.catalina.core.StandardEngine] Starting Servlet engine: [Apache Tomcat/10.1.40]
INFO  [o.a.c.c.C.[Tomcat].[localhost].[/]] Initializing Spring embedded WebApplicationContext
INFO  [o.s.b.w.s.c.ServletWebServerApplicationContext] Root WebApplicationContext: initialization completed in 929 ms
INFO  [org.mongodb.driver.client] MongoClient with metadata {"driver": {"name": "mongo-java-driver|sync|spring-boot", "version": "5.2.1"}, "os": {"type": "Windows", "name": "Windows 11", "architecture": "amd64", "version": "10.0"}, "platform": "Java/Oracle Corporation/17.0.9+11-LTS-201"} created with settings MongoClientSettings{readPreference=primary, writeConcern=WriteConcern{w=null, wTimeout=null ms, journal=null}, retryWrites=true, retryReads=true, readConcern=ReadConcern{level=null}, credential=null, transportSettings=null, commandListeners=[], codecRegistry=ProvidersCodecRegistry{codecProviders=[ValueCodecProvider{}, BsonValueCodecProvider{}, DBRefCodecProvider{}, DBObjectCodecProvider{}, DocumentCodecProvider{}, CollectionCodecProvider{}, IterableCodecProvider{}, MapCodecProvider{}, GeoJsonCodecProvider{}, GridFSFileCodecProvider{}, Jsr310CodecProvider{}, JsonObjectCodecProvider{}, BsonCodecProvider{}, EnumCodecProvider{}, com.mongodb.client.model.mql.ExpressionCodecProvider@79d3473e, com.mongodb.Jep395RecordCodecProvider@4dad0eed, com.mongodb.KotlinCodecProvider@7fad214a]}, loggerSettings=LoggerSettings{maxDocumentLength=1000}, clusterSettings={hosts=[localhost:27017], srvServiceName=mongodb, mode=SINGLE, requiredClusterType=UNKNOWN, requiredReplicaSetName='null', serverSelector='null', clusterListeners='[]', serverSelectionTimeout='30000 ms', localThreshold='15 ms'}, socketSettings=SocketSettings{connectTimeoutMS=10000, readTimeoutMS=0, receiveBufferSize=0, proxySettings=ProxySettings{host=null, port=null, username=null, password=null}}, heartbeatSocketSettings=SocketSettings{connectTimeoutMS=10000, readTimeoutMS=10000, receiveBufferSize=0, proxySettings=ProxySettings{host=null, port=null, username=null, password=null}}, connectionPoolSettings=ConnectionPoolSettings{maxSize=100, minSize=0, maxWaitTimeMS=120000, maxConnectionLifeTimeMS=0, maxConnectionIdleTimeMS=0, maintenanceInitialDelayMS=0, maintenanceFrequencyMS=60000, connectionPoolListeners=[], maxConnecting=2}, serverSettings=ServerSettings{heartbeatFrequencyMS=10000, minHeartbeatFrequencyMS=500, serverMonitoringMode=AUTO, serverListeners='[]', serverMonitorListeners='[]'}, sslSettings=SslSettings{enabled=false, invalidHostNameAllowed=false, context=null}, applicationName='null', compressorList=[], uuidRepresentation=JAVA_LEGACY, serverApi=null, autoEncryptionSettings=null, dnsClient=null, inetAddressResolver=null, contextProvider=null, timeoutMS=null}
INFO  [org.mongodb.driver.cluster] Monitor thread successfully connected to server with description ServerDescription{address=localhost:27017, type=STANDALONE, cryptd=false, state=CONNECTED, ok=true, minWireVersion=0, maxWireVersion=21, maxDocumentSize=16777216, logicalSessionTimeoutMinutes=30, roundTripTimeNanos=25250600, minRoundTripTimeNanos=0}
INFO  [o.a.coyote.http11.Http11NioProtocol] Starting ProtocolHandler ["http-nio-8080"]
INFO  [o.s.b.w.e.tomcat.TomcatWebServer] Tomcat started on port 8080 (http) with context path '/'
INFO  [o.e.s.SpringbootBasicsApplication] Started SpringbootBasicsApplication in 2.317 seconds (process running for 2.969)
INFO  [o.a.c.c.C.[Tomcat].[localhost].[/]] Initializing Spring DispatcherServlet 'dispatcherServlet'
INFO  [o.s.web.servlet.DispatcherServlet] Initializing Servlet 'dispatcherServlet'
INFO  [o.s.web.servlet.DispatcherServlet] Completed initialization in 1 ms
INFO  [o.e.s.service.StudentService] Getting student with ID: 68257a7e14ac0751517172ae
INFO  [o.e.s.service.StudentService] Student with ID 68257a7e14ac0751517172ae found.
INFO  [o.e.s.service.StudentService] Getting student with ID: 68257a7e14ac0751517172a
ERROR [o.e.s.service.StudentService] No Student with ID 68257a7e14ac0751517172a found
INFO  [o.s.b.w.e.tomcat.GracefulShutdown] Commencing graceful shutdown. Waiting for active requests to complete
INFO  [o.s.b.w.e.tomcat.GracefulShutdown] Graceful shutdown complete
